Archive member included to satisfy reference by file (symbol)

d:/tools/sdk/imt_sdk_win_64/winarm/armgcc/bin/../lib/gcc/arm-none-eabi/7.2.1/../../../../arm-none-eabi/lib/thumb/v7-m\libg_nano.a(lib_a-errno.o)
                              ./system/src/newlib/_sbrk.o (__errno)
d:/tools/sdk/imt_sdk_win_64/winarm/armgcc/bin/../lib/gcc/arm-none-eabi/7.2.1/../../../../arm-none-eabi/lib/thumb/v7-m\libg_nano.a(lib_a-impure.o)
                              d:/tools/sdk/imt_sdk_win_64/winarm/armgcc/bin/../lib/gcc/arm-none-eabi/7.2.1/../../../../arm-none-eabi/lib/thumb/v7-m\libg_nano.a(lib_a-errno.o) (_impure_ptr)
d:/tools/sdk/imt_sdk_win_64/winarm/armgcc/bin/../lib/gcc/arm-none-eabi/7.2.1/../../../../arm-none-eabi/lib/thumb/v7-m\libg_nano.a(lib_a-strlen.o)
                              ./system/src/diag/Trace.o (strlen)
d:/tools/sdk/imt_sdk_win_64/winarm/armgcc/bin/../lib/gcc/arm-none-eabi/7.2.1/../../../../arm-none-eabi/lib/thumb/v7-m\libg_nano.a(lib_a-vsnprintf.o)
                              ./system/src/diag/Trace.o (vsnprintf)
d:/tools/sdk/imt_sdk_win_64/winarm/armgcc/bin/../lib/gcc/arm-none-eabi/7.2.1/../../../../arm-none-eabi/lib/thumb/v7-m\libg_nano.a(lib_a-nano-svfprintf.o)
                              d:/tools/sdk/imt_sdk_win_64/winarm/armgcc/bin/../lib/gcc/arm-none-eabi/7.2.1/../../../../arm-none-eabi/lib/thumb/v7-m\libg_nano.a(lib_a-vsnprintf.o) (_svfprintf_r)
d:/tools/sdk/imt_sdk_win_64/winarm/armgcc/bin/../lib/gcc/arm-none-eabi/7.2.1/../../../../arm-none-eabi/lib/thumb/v7-m\libg_nano.a(lib_a-nano-vfprintf_i.o)
                              d:/tools/sdk/imt_sdk_win_64/winarm/armgcc/bin/../lib/gcc/arm-none-eabi/7.2.1/../../../../arm-none-eabi/lib/thumb/v7-m\libg_nano.a(lib_a-nano-svfprintf.o) (_printf_i)
d:/tools/sdk/imt_sdk_win_64/winarm/armgcc/bin/../lib/gcc/arm-none-eabi/7.2.1/../../../../arm-none-eabi/lib/thumb/v7-m\libg_nano.a(lib_a-memchr-stub.o)
                              d:/tools/sdk/imt_sdk_win_64/winarm/armgcc/bin/../lib/gcc/arm-none-eabi/7.2.1/../../../../arm-none-eabi/lib/thumb/v7-m\libg_nano.a(lib_a-nano-svfprintf.o) (memchr)
d:/tools/sdk/imt_sdk_win_64/winarm/armgcc/bin/../lib/gcc/arm-none-eabi/7.2.1/../../../../arm-none-eabi/lib/thumb/v7-m\libg_nano.a(lib_a-memcpy-stub.o)
                              d:/tools/sdk/imt_sdk_win_64/winarm/armgcc/bin/../lib/gcc/arm-none-eabi/7.2.1/../../../../arm-none-eabi/lib/thumb/v7-m\libg_nano.a(lib_a-nano-svfprintf.o) (memcpy)
d:/tools/sdk/imt_sdk_win_64/winarm/armgcc/bin/../lib/gcc/arm-none-eabi/7.2.1/../../../../arm-none-eabi/lib/thumb/v7-m\libg_nano.a(lib_a-memmove.o)
                              d:/tools/sdk/imt_sdk_win_64/winarm/armgcc/bin/../lib/gcc/arm-none-eabi/7.2.1/../../../../arm-none-eabi/lib/thumb/v7-m\libg_nano.a(lib_a-nano-svfprintf.o) (memmove)
d:/tools/sdk/imt_sdk_win_64/winarm/armgcc/bin/../lib/gcc/arm-none-eabi/7.2.1/../../../../arm-none-eabi/lib/thumb/v7-m\libg_nano.a(lib_a-nano-freer.o)
                              d:/tools/sdk/imt_sdk_win_64/winarm/armgcc/bin/../lib/gcc/arm-none-eabi/7.2.1/../../../../arm-none-eabi/lib/thumb/v7-m\libg_nano.a(lib_a-nano-svfprintf.o) (_free_r)
d:/tools/sdk/imt_sdk_win_64/winarm/armgcc/bin/../lib/gcc/arm-none-eabi/7.2.1/../../../../arm-none-eabi/lib/thumb/v7-m\libg_nano.a(lib_a-nano-mallocr.o)
                              d:/tools/sdk/imt_sdk_win_64/winarm/armgcc/bin/../lib/gcc/arm-none-eabi/7.2.1/../../../../arm-none-eabi/lib/thumb/v7-m\libg_nano.a(lib_a-nano-svfprintf.o) (_malloc_r)
d:/tools/sdk/imt_sdk_win_64/winarm/armgcc/bin/../lib/gcc/arm-none-eabi/7.2.1/../../../../arm-none-eabi/lib/thumb/v7-m\libg_nano.a(lib_a-nano-reallocr.o)
                              d:/tools/sdk/imt_sdk_win_64/winarm/armgcc/bin/../lib/gcc/arm-none-eabi/7.2.1/../../../../arm-none-eabi/lib/thumb/v7-m\libg_nano.a(lib_a-nano-svfprintf.o) (_realloc_r)
d:/tools/sdk/imt_sdk_win_64/winarm/armgcc/bin/../lib/gcc/arm-none-eabi/7.2.1/../../../../arm-none-eabi/lib/thumb/v7-m\libg_nano.a(lib_a-sbrkr.o)
                              d:/tools/sdk/imt_sdk_win_64/winarm/armgcc/bin/../lib/gcc/arm-none-eabi/7.2.1/../../../../arm-none-eabi/lib/thumb/v7-m\libg_nano.a(lib_a-nano-mallocr.o) (_sbrk_r)
d:/tools/sdk/imt_sdk_win_64/winarm/armgcc/bin/../lib/gcc/arm-none-eabi/7.2.1/../../../../arm-none-eabi/lib/thumb/v7-m\libg_nano.a(lib_a-mlock.o)
                              d:/tools/sdk/imt_sdk_win_64/winarm/armgcc/bin/../lib/gcc/arm-none-eabi/7.2.1/../../../../arm-none-eabi/lib/thumb/v7-m\libg_nano.a(lib_a-nano-freer.o) (__malloc_lock)
d:/tools/sdk/imt_sdk_win_64/winarm/armgcc/bin/../lib/gcc/arm-none-eabi/7.2.1/../../../../arm-none-eabi/lib/thumb/v7-m\libg_nano.a(lib_a-nano-msizer.o)
                              d:/tools/sdk/imt_sdk_win_64/winarm/armgcc/bin/../lib/gcc/arm-none-eabi/7.2.1/../../../../arm-none-eabi/lib/thumb/v7-m\libg_nano.a(lib_a-nano-reallocr.o) (_malloc_usable_size_r)

Allocating common symbols
Common symbol       size              file

errno               0x4               ./system/src/newlib/_syscalls.o
[...]
Memory Configuration

Name             Origin             Length             Attributes
RAM              0x20000000         0x00005000         xrw
CCMRAM           0x00000000         0x00000000         xrw
FLASH            0x08000000         0x00010000         xr
FLASHB1          0x00000000         0x00000000         xr
EXTMEMB0         0x00000000         0x00000000         xr
EXTMEMB1         0x00000000         0x00000000         xr
EXTMEMB2         0x00000000         0x00000000         xr
EXTMEMB3         0x00000000         0x00000000         xr
MEMORY_ARRAY     0x00000000         0x00000000         xrw
*default*        0x00000000         0xffffffff

Linker script and memory map

LOAD ./system/src/stm32f1-stdperiph/misc.o
LOAD ./system/src/stm32f1-stdperiph/stm32f10x_gpio.o
LOAD ./system/src/stm32f1-stdperiph/stm32f10x_rcc.o
LOAD ./system/src/newlib/_cxx.o
LOAD ./system/src/newlib/_exit.o
LOAD ./system/src/newlib/_sbrk.o
LOAD ./system/src/newlib/_startup.o
LOAD ./system/src/newlib/_syscalls.o
LOAD ./system/src/newlib/assert.o
LOAD ./system/src/diag/Trace.o
LOAD ./system/src/diag/trace_impl.o
LOAD ./system/src/cortexm/_initialize_hardware.o
LOAD ./system/src/cortexm/_reset_hardware.o
LOAD ./system/src/cortexm/exception_handlers.o
LOAD ./system/src/cmsis/system_stm32f10x.o
LOAD ./system/src/cmsis/vectors_stm32f10x.o
LOAD ./src/AFIO_prog.o
LOAD ./src/DELAY.o
LOAD ./src/EXTI_program.o
LOAD ./src/GPIO.o
LOAD ./src/IRREMOTE_program.o
LOAD ./src/LEDMatrix_program.o
LOAD ./src/LEM_IR.o
LOAD ./src/NVIC_programe.o
LOAD ./src/RCC_program.o
LOAD ./src/SYSTIC_program.o
LOAD ./src/main.o
LOAD d:/tools/sdk/imt_sdk_win_64/winarm/armgcc/bin/../lib/gcc/arm-none-eabi/7.2.1/../../../../arm-none-eabi/lib/thumb/v7-m\libstdc++_nano.a
LOAD d:/tools/sdk/imt_sdk_win_64/winarm/armgcc/bin/../lib/gcc/arm-none-eabi/7.2.1/../../../../arm-none-eabi/lib/thumb/v7-m\libm.a
START GROUP
LOAD d:/tools/sdk/imt_sdk_win_64/winarm/armgcc/bin/../lib/gcc/arm-none-eabi/7.2.1/thumb/v7-m\libgcc.a
LOAD d:/tools/sdk/imt_sdk_win_64/winarm/armgcc/bin/../lib/gcc/arm-none-eabi/7.2.1/../../../../arm-none-eabi/lib/thumb/v7-m\libg_nano.a
LOAD d:/tools/sdk/imt_sdk_win_64/winarm/armgcc/bin/../lib/gcc/arm-none-eabi/7.2.1/../../../../arm-none-eabi/lib/thumb/v7-m\libc_nano.a
END GROUP
START GROUP
LOAD d:/tools/sdk/imt_sdk_win_64/winarm/armgcc/bin/../lib/gcc/arm-none-eabi/7.2.1/thumb/v7-m\libgcc.a
LOAD d:/tools/sdk/imt_sdk_win_64/winarm/armgcc/bin/../lib/gcc/arm-none-eabi/7.2.1/../../../../arm-none-eabi/lib/thumb/v7-m\libc_nano.a
END GROUP
                0x20005000                __stack = (ORIGIN (RAM) + LENGTH (RAM))
                0x20005000                _estack = __stack
                0x00000400                __Main_Stack_Size = 0x400
                [!provide]                PROVIDE (_Main_Stack_Size, __Main_Stack_Size)
                0x20004c00                __Main_Stack_Limit = (__stack - __Main_Stack_Size)
                [!provide]                PROVIDE (_Main_Stack_Limit, __Main_Stack_Limit)
                0x00000100                _Minimum_Stack_Size = 0x100
                0x20000250                PROVIDE (_Heap_Begin, _end_noinit)
                0x20004c00                PROVIDE (_Heap_Limit, (__stack - __Main_Stack_Size))

.isr_vector     0x08000000      0x350
 FILL mask 0xff
                0x08000000                __vectors_start = ABSOLUTE (.)
                0x08000000                __vectors_start__ = ABSOLUTE (.)
 *(.isr_vector)
 .isr_vector    0x08000000      0x10c ./system/src/cmsis/vectors_stm32f10x.o
                0x08000000                __isr_vectors
 *(.cfmconfig)
 *(.after_vectors .after_vectors.*)
 .after_vectors
                0x0800010c      0x114 ./system/src/newlib/_startup.o
                0x0800010c                _start
 .after_vectors
                0x08000220      0x12c ./system/src/cortexm/exception_handlers.o
                0x08000220                Reset_Handler
                0x08000226                NMI_Handler
                0x0800022a                HardFault_Handler
                0x0800023e                HardFault_Handler_C
                0x0800029c                MemManage_Handler
                0x080002a0                BusFault_Handler
                0x080002b4                BusFault_Handler_C
                0x080002e8                UsageFault_Handler
                0x080002fc                UsageFault_Handler_C
                0x08000330                SVC_Handler
                0x08000334                DebugMon_Handler
                0x08000338                PendSV_Handler
 .after_vectors
                0x0800034c        0x4 ./system/src/cmsis/vectors_stm32f10x.o
                0x0800034c                EXTI2_IRQHandler
                0x0800034c                TIM8_TRG_COM_IRQHandler
                0x0800034c                TIM8_CC_IRQHandler
                0x0800034c                TIM1_CC_IRQHandler
                0x0800034c                TIM6_IRQHandler
                0x0800034c                PVD_IRQHandler
                0x0800034c                SDIO_IRQHandler
                0x0800034c                CAN2_RX1_IRQHandler
                0x0800034c                EXTI3_IRQHandler
                0x0800034c                TIM8_TRG_COM_TIM14_IRQHandler
                0x0800034c                TIM1_UP_TIM10_IRQHandler
                0x0800034c                TIM8_UP_TIM13_IRQHandler
                0x0800034c                I2C2_EV_IRQHandler
                0x0800034c                CAN1_RX0_IRQHandler
                0x0800034c                TIM1_UP_TIM16_IRQHandler
                0x0800034c                CAN2_SCE_IRQHandler
                0x0800034c                ADC1_2_IRQHandler
                0x0800034c                SPI1_IRQHandler
                0x0800034c                TAMPER_IRQHandler
                0x0800034c                TIM6_DAC_IRQHandler
                0x0800034c                TIM1_BRK_TIM9_IRQHandler
                0x0800034c                CAN2_RX0_IRQHandler
                0x0800034c                TIM8_UP_IRQHandler
                0x0800034c                DMA2_Channel2_IRQHandler
                0x0800034c                DMA1_Channel4_IRQHandler
                0x0800034c                USART3_IRQHandler
                0x0800034c                RTC_IRQHandler
                0x0800034c                DMA1_Channel7_IRQHandler
                0x0800034c                CAN1_RX1_IRQHandler
                0x0800034c                UART5_IRQHandler
                0x0800034c                ADC3_IRQHandler
                0x0800034c                TIM4_IRQHandler
                0x0800034c                DMA2_Channel1_IRQHandler
                0x0800034c                I2C1_EV_IRQHandler
                0x0800034c                DMA1_Channel6_IRQHandler
                0x0800034c                UART4_IRQHandler
                0x0800034c                DMA2_Channel4_IRQHandler
                0x0800034c                TIM3_IRQHandler
                0x0800034c                RCC_IRQHandler
                0x0800034c                TIM8_BRK_TIM12_IRQHandler
                0x0800034c                TIM1_TRG_COM_IRQHandler
                0x0800034c                DMA1_Channel1_IRQHandler
                0x0800034c                Default_Handler
                0x0800034c                CEC_IRQHandler
                0x0800034c                EXTI15_10_IRQHandler
                0x0800034c                TIM14_IRQHandler
                0x0800034c                TIM13_IRQHandler
                0x0800034c                TIM12_IRQHandler
                0x0800034c                TIM7_IRQHandler
                0x0800034c                CAN2_TX_IRQHandler
                0x0800034c                TIM5_IRQHandler
                0x0800034c                EXTI9_5_IRQHandler
                0x0800034c                ETH_WKUP_IRQHandler
                0x0800034c                SPI2_IRQHandler
                0x0800034c                CAN1_TX_IRQHandler
                0x0800034c                DMA2_Channel5_IRQHandler
                0x0800034c                DMA1_Channel5_IRQHandler
                0x0800034c                EXTI4_IRQHandler
                0x0800034c                USB_LP_CAN1_RX0_IRQHandler
                0x0800034c                TIM1_TRG_COM_TIM17_IRQHandler
                0x0800034c                USB_HP_CAN1_TX_IRQHandler
                0x0800034c                DMA1_Channel3_IRQHandler
                0x0800034c                FSMC_IRQHandler
                0x0800034c                ETH_IRQHandler
                0x0800034c                TIM1_UP_IRQHandler
                0x0800034c                WWDG_IRQHandler
                0x0800034c                TIM2_IRQHandler
                0x0800034c                OTG_FS_WKUP_IRQHandler
                0x0800034c                TIM1_TRG_COM_TIM11_IRQHandler
                0x0800034c                TIM1_BRK_IRQHandler
                0x0800034c                EXTI1_IRQHandler
                0x0800034c                RTCAlarm_IRQHandler
                0x0800034c                DMA2_Channel4_5_IRQHandler
                0x0800034c                USART2_IRQHandler
                0x0800034c                I2C2_ER_IRQHandler
                0x0800034c                DMA1_Channel2_IRQHandler
                0x0800034c                TIM8_BRK_IRQHandler
                0x0800034c                CAN1_SCE_IRQHandler
                0x0800034c                FLASH_IRQHandler
                0x0800034c                USART1_IRQHandler
                0x0800034c                OTG_FS_IRQHandler
                0x0800034c                SPI3_IRQHandler
                0x0800034c                I2C1_ER_IRQHandler
                0x0800034c                USBWakeUp_IRQHandler
                0x0800034c                DMA2_Channel3_IRQHandler
                0x0800034c                TIM1_BRK_TIM15_IRQHandler

.inits          0x08000350       0x28
                0x08000350                __data_regions_array_start = .
                0x08000350        0x4 LONG 0x8001840 LOADADDR (.data)
                0x08000354        0x4 LONG 0x20000000 ADDR (.data)
                0x08000358        0x4 LONG 0x200000d8 (ADDR (.data) + SIZEOF (.data))
                0x0800035c        0x4 LONG 0x8001840 LOADADDR (.data_CCMRAM)
                0x08000360        0x4 LONG 0x0 ADDR (.data_CCMRAM)
                0x08000364        0x4 LONG 0x0 (ADDR (.data_CCMRAM) + SIZEOF (.data_CCMRAM))
                0x08000368                __data_regions_array_end = .
                0x08000368                __bss_regions_array_start = .
                0x08000368        0x4 LONG 0x200000d8 ADDR (.bss)
                0x0800036c        0x4 LONG 0x20000250 (ADDR (.bss) + SIZEOF (.bss))
                0x08000370        0x4 LONG 0x0 ADDR (.bss_CCMRAM)
                0x08000374        0x4 LONG 0x0 (ADDR (.bss_CCMRAM) + SIZEOF (.bss_CCMRAM))
                0x08000378                __bss_regions_array_end = .
 *(.init)
 *(.fini)
                0x08000378                . = ALIGN (0x4)
                0x08000378                PROVIDE (__preinit_array_start, .)
 *(.preinit_array_sysinit .preinit_array_sysinit.*)
 *(.preinit_array_platform .preinit_array_platform.*)
 *(.preinit_array .preinit_array.*)
                0x08000378                PROVIDE (__preinit_array_end, .)
                0x08000378                . = ALIGN (0x4)
                0x08000378                PROVIDE (__init_array_start, .)
 *(SORT_BY_NAME(.init_array.*))
 *(.init_array)
                0x08000378                PROVIDE (__init_array_end, .)
                0x08000378                . = ALIGN (0x4)
                0x08000378                PROVIDE (__fini_array_start, .)
 *(SORT_BY_NAME(.fini_array.*))
 *(.fini_array)
                0x08000378                PROVIDE (__fini_array_end, .)

.flashtext
 *(.flashtext .flashtext.*)

.text           0x08000378     0x14c7
 *(.text .text.*)
 .text._exit    0x08000378        0x2 ./system/src/newlib/_exit.o
                0x08000378                _exit
 *fill*         0x0800037a        0x2 
 .text._sbrk    0x0800037c       0x44 ./system/src/newlib/_sbrk.o
                0x0800037c                _sbrk
 .text.__initialize_args
                0x080003c0       0x10 ./system/src/newlib/_syscalls.o
                0x080003c0                __initialize_args
 .text.trace_printf
                0x080003d0       0x30 ./system/src/diag/Trace.o
                0x080003d0                trace_printf
 .text._trace_write_semihosting_debug
                0x08000400       0x60 ./system/src/diag/trace_impl.o
 .text.trace_write
                0x08000460        0x8 ./system/src/diag/trace_impl.o
                0x08000460                trace_write
 .text.__initialize_hardware_early
                0x08000468       0x18 ./system/src/cortexm/_initialize_hardware.o
                0x08000468                __initialize_hardware_early
 .text.__initialize_hardware
                0x08000480        0x8 ./system/src/cortexm/_initialize_hardware.o
                0x08000480                __initialize_hardware
 .text.dumpExceptionStack
                0x08000488       0xf4 ./system/src/cortexm/exception_handlers.o
                0x08000488                dumpExceptionStack
 .text.isSemihosting
                0x0800057c       0x20 ./system/src/cortexm/exception_handlers.o
                0x0800057c                isSemihosting
 .text.SetSysClockTo72
                0x0800059c       0xc4 ./system/src/cmsis/system_stm32f10x.o
 .text.SetSysClock
                0x08000660        0x8 ./system/src/cmsis/system_stm32f10x.o
 .text.SystemInit
                0x08000668       0x50 ./system/src/cmsis/system_stm32f10x.o
                0x08000668                SystemInit
 .text.SystemCoreClockUpdate
                0x080006b8       0x94 ./system/src/cmsis/system_stm32f10x.o
                0x080006b8                SystemCoreClockUpdate
 .text.AFIO_voidSelectPortForEXTI
                0x0800074c       0x34 ./src/AFIO_prog.o
                0x0800074c                AFIO_voidSelectPortForEXTI
 .text.Delay_ms
                0x08000780       0x16 ./src/DELAY.o
                0x08000780                Delay_ms
 *fill*         0x08000796        0x2 
 .text.MEXTI_voidInit
                0x08000798       0x18 ./src/EXTI_program.o
                0x08000798                MEXTI_voidInit
 .text.MEXTI_voidEnableEXTI
                0x080007b0       0x14 ./src/EXTI_program.o
                0x080007b0                MEXTI_voidEnableEXTI
 .text.EXTI0_VidSetCallBack
                0x080007c4        0xc ./src/EXTI_program.o
                0x080007c4                EXTI0_VidSetCallBack
 .text.EXTI0_IRQHandler
                0x080007d0       0x1c ./src/EXTI_program.o
                0x080007d0                EXTI0_IRQHandler
 .text.MGPIO_VidSetPinDirection
                0x080007ec       0xf0 ./src/GPIO.o
                0x080007ec                MGPIO_VidSetPinDirection
 .text.MGPIO_VidSetPinValue
                0x080008dc       0x8c ./src/GPIO.o
                0x080008dc                MGPIO_VidSetPinValue
 .text.IR_voidGetCode
                0x08000968       0x9c ./src/IRREMOTE_program.o
                0x08000968                IR_voidGetCode
 .text.IR_u8GetFrame
                0x08000a04       0x50 ./src/IRREMOTE_program.o
                0x08000a04                IR_u8GetFrame
 .text.IR_voidInit
                0x08000a54       0x34 ./src/IRREMOTE_program.o
                0x08000a54                IR_voidInit
 .text.IR_voidSetCallBack
                0x08000a88        0xc ./src/IRREMOTE_program.o
                0x08000a88                IR_voidSetCallBack
 .text.SetRowValues
                0x08000a94       0x2c ./src/LEDMatrix_program.o
 .text.DisableAllCOLs
                0x08000ac0       0x24 ./src/LEDMatrix_program.o
 .text.HLEDMatrix_voidInit
                0x08000ae4       0x34 ./src/LEDMatrix_program.o
                0x08000ae4                HLEDMatrix_voidInit
 .text.HLEDMatrix_voidDisplay
                0x08000b18       0x3c ./src/LEDMatrix_program.o
                0x08000b18                HLEDMatrix_voidDisplay
 .text.HLEDMatrix_voidDisplayShifLeft
                0x08000b54       0x66 ./src/LEDMatrix_program.o
                0x08000b54                HLEDMatrix_voidDisplayShifLeft
 .text.LEMIR_voidInit
                0x08000bba       0x3a ./src/LEM_IR.o
                0x08000bba                LEMIR_voidInit
 .text.LEMIR_voidPlay
                0x08000bf4       0x14 ./src/LEM_IR.o
                0x08000bf4                LEMIR_voidPlay
 .text.LEMIR_voidStop
                0x08000c08       0x18 ./src/LEM_IR.o
                0x08000c08                LEMIR_voidStop
 .text.LEMIR_voidSpeedUp
                0x08000c20       0x14 ./src/LEM_IR.o
                0x08000c20                LEMIR_voidSpeedUp
 .text.LEMIR_voidSpeedDown
                0x08000c34       0x14 ./src/LEM_IR.o
                0x08000c34                LEMIR_voidSpeedDown
 .text.LEMIR_voidApp
                0x08000c48       0xcc ./src/LEM_IR.o
                0x08000c48                LEMIR_voidApp
 .text.NVIC_voidEnableInt
                0x08000d14       0x28 ./src/NVIC_programe.o
                0x08000d14                NVIC_voidEnableInt
 .text.RCC_voidSysClkInit
                0x08000d3c       0x3c ./src/RCC_program.o
                0x08000d3c                RCC_voidSysClkInit
 .text.RCC_voidEnableClock
                0x08000d78       0x48 ./src/RCC_program.o
                0x08000d78                RCC_voidEnableClock
 .text.STK_voidInit
                0x08000dc0       0x10 ./src/SYSTIC_program.o
                0x08000dc0                STK_voidInit
 .text.STK_voidSetIntervalSingle
                0x08000dd0       0x3c ./src/SYSTIC_program.o
                0x08000dd0                STK_voidSetIntervalSingle
 .text.STK_u32GetElapsedTime
                0x08000e0c       0x10 ./src/SYSTIC_program.o
                0x08000e0c                STK_u32GetElapsedTime
 .text.SysTick_Handler
                0x08000e1c       0x34 ./src/SYSTIC_program.o
                0x08000e1c                SysTick_Handler
 .text.main     0x08000e50       0x14 ./src/main.o
                0x08000e50                main
 .text.__errno  0x08000e64        0xc d:/tools/sdk/imt_sdk_win_64/winarm/armgcc/bin/../lib/gcc/arm-none-eabi/7.2.1/../../../../arm-none-eabi/lib/thumb/v7-m\libg_nano.a(lib_a-errno.o)
                0x08000e64                __errno
 .text._vsnprintf_r
                0x08000e70       0x58 d:/tools/sdk/imt_sdk_win_64/winarm/armgcc/bin/../lib/gcc/arm-none-eabi/7.2.1/../../../../arm-none-eabi/lib/thumb/v7-m\libg_nano.a(lib_a-vsnprintf.o)
                0x08000e70                _vsniprintf_r
                0x08000e70                _vsnprintf_r
 .text.vsnprintf
                0x08000ec8       0x1c d:/tools/sdk/imt_sdk_win_64/winarm/armgcc/bin/../lib/gcc/arm-none-eabi/7.2.1/../../../../arm-none-eabi/lib/thumb/v7-m\libg_nano.a(lib_a-vsnprintf.o)
                0x08000ec8                vsniprintf
                0x08000ec8                vsnprintf
 .text.__ssputs_r
                0x08000ee4       0xb4 d:/tools/sdk/imt_sdk_win_64/winarm/armgcc/bin/../lib/gcc/arm-none-eabi/7.2.1/../../../../arm-none-eabi/lib/thumb/v7-m\libg_nano.a(lib_a-nano-svfprintf.o)
                0x08000ee4                __ssputs_r
 .text._svfprintf_r
                0x08000f98      0x1ec d:/tools/sdk/imt_sdk_win_64/winarm/armgcc/bin/../lib/gcc/arm-none-eabi/7.2.1/../../../../arm-none-eabi/lib/thumb/v7-m\libg_nano.a(lib_a-nano-svfprintf.o)
                0x08000f98                _svfiprintf_r
                0x08000f98                _svfprintf_r
 .text._printf_common
                0x08001184       0xec d:/tools/sdk/imt_sdk_win_64/winarm/armgcc/bin/../lib/gcc/arm-none-eabi/7.2.1/../../../../arm-none-eabi/lib/thumb/v7-m\libg_nano.a(lib_a-nano-vfprintf_i.o)
                0x08001184                _printf_common
 .text._printf_i
                0x08001270      0x224 d:/tools/sdk/imt_sdk_win_64/winarm/armgcc/bin/../lib/gcc/arm-none-eabi/7.2.1/../../../../arm-none-eabi/lib/thumb/v7-m\libg_nano.a(lib_a-nano-vfprintf_i.o)
                0x08001270                _printf_i
 .text.memchr   0x08001494       0x1c d:/tools/sdk/imt_sdk_win_64/winarm/armgcc/bin/../lib/gcc/arm-none-eabi/7.2.1/../../../../arm-none-eabi/lib/thumb/v7-m\libg_nano.a(lib_a-memchr-stub.o)
                0x08001494                memchr
 .text.memcpy   0x080014b0       0x16 d:/tools/sdk/imt_sdk_win_64/winarm/armgcc/bin/../lib/gcc/arm-none-eabi/7.2.1/../../../../arm-none-eabi/lib/thumb/v7-m\libg_nano.a(lib_a-memcpy-stub.o)
                0x080014b0                memcpy
 .text.memmove  0x080014c6       0x32 d:/tools/sdk/imt_sdk_win_64/winarm/armgcc/bin/../lib/gcc/arm-none-eabi/7.2.1/../../../../arm-none-eabi/lib/thumb/v7-m\libg_nano.a(lib_a-memmove.o)
                0x080014c6                memmove
 .text._free_r  0x080014f8       0x98 d:/tools/sdk/imt_sdk_win_64/winarm/armgcc/bin/../lib/gcc/arm-none-eabi/7.2.1/../../../../arm-none-eabi/lib/thumb/v7-m\libg_nano.a(lib_a-nano-freer.o)
                0x080014f8                _free_r
 .text._malloc_r
                0x08001590       0xb4 d:/tools/sdk/imt_sdk_win_64/winarm/armgcc/bin/../lib/gcc/arm-none-eabi/7.2.1/../../../../arm-none-eabi/lib/thumb/v7-m\libg_nano.a(lib_a-nano-mallocr.o)
                0x08001590                _malloc_r
 .text._realloc_r
                0x08001644       0x4c d:/tools/sdk/imt_sdk_win_64/winarm/armgcc/bin/../lib/gcc/arm-none-eabi/7.2.1/../../../../arm-none-eabi/lib/thumb/v7-m\libg_nano.a(lib_a-nano-reallocr.o)
                0x08001644                _realloc_r
 .text._sbrk_r  0x08001690       0x20 d:/tools/sdk/imt_sdk_win_64/winarm/armgcc/bin/../lib/gcc/arm-none-eabi/7.2.1/../../../../arm-none-eabi/lib/thumb/v7-m\libg_nano.a(lib_a-sbrkr.o)
                0x08001690                _sbrk_r
 .text.__malloc_lock
                0x080016b0        0x2 d:/tools/sdk/imt_sdk_win_64/winarm/armgcc/bin/../lib/gcc/arm-none-eabi/7.2.1/../../../../arm-none-eabi/lib/thumb/v7-m\libg_nano.a(lib_a-mlock.o)
                0x080016b0                __malloc_lock
 .text.__malloc_unlock
                0x080016b2        0x2 d:/tools/sdk/imt_sdk_win_64/winarm/armgcc/bin/../lib/gcc/arm-none-eabi/7.2.1/../../../../arm-none-eabi/lib/thumb/v7-m\libg_nano.a(lib_a-mlock.o)
                0x080016b2                __malloc_unlock
 .text._malloc_usable_size_r
                0x080016b4       0x10 d:/tools/sdk/imt_sdk_win_64/winarm/armgcc/bin/../lib/gcc/arm-none-eabi/7.2.1/../../../../arm-none-eabi/lib/thumb/v7-m\libg_nano.a(lib_a-nano-msizer.o)
                0x080016b4                _malloc_usable_size_r
 *(.rodata .rodata.* .constdata .constdata.*)
 .rodata.dumpExceptionStack.str1.4
                0x080016c4      0x11a ./system/src/cortexm/exception_handlers.o
 *fill*         0x080017de        0x2 
 .rodata.str1.4
                0x080017e0       0x2c ./system/src/cortexm/exception_handlers.o
                                 0x2a (size before relaxing)
 .rodata._svfprintf_r.str1.1
                0x0800180c       0x11 d:/tools/sdk/imt_sdk_win_64/winarm/armgcc/bin/../lib/gcc/arm-none-eabi/7.2.1/../../../../arm-none-eabi/lib/thumb/v7-m\libg_nano.a(lib_a-nano-svfprintf.o)
 .rodata._printf_i.str1.1
                0x0800181d       0x22 d:/tools/sdk/imt_sdk_win_64/winarm/armgcc/bin/../lib/gcc/arm-none-eabi/7.2.1/../../../../arm-none-eabi/lib/thumb/v7-m\libg_nano.a(lib_a-nano-vfprintf_i.o)
 *(vtable)
 *(.eh_frame*)
 *(.glue_7)
 .glue_7        0x0800183f        0x0 linker stubs
 *(.glue_7t)
 .glue_7t       0x0800183f        0x0 linker stubs

.vfp11_veneer   0x08001840        0x0
 .vfp11_veneer  0x08001840        0x0 linker stubs

.v4_bx          0x08001840        0x0
 .v4_bx         0x08001840        0x0 linker stubs

.iplt           0x08001840        0x0
 .iplt          0x08001840        0x0 ./system/src/newlib/_exit.o

.rel.dyn        0x08001840        0x0
 .rel.iplt      0x08001840        0x0 ./system/src/newlib/_exit.o

.ARM.extab
 *(.ARM.extab* .gnu.linkonce.armextab.*)
                0x08001840                . = ALIGN (0x4)
                0x08001840                __exidx_start = .

.ARM.exidx
 *(.ARM.exidx* .gnu.linkonce.armexidx.*)
                0x08001840                __exidx_end = .
                0x08001840                . = ALIGN (0x4)
                0x08001840                _etext = .
                0x08001840                __etext = .

.data_CCMRAM    0x00000000        0x0 load address 0x08001840
 FILL mask 0xff
 *(.data.CCMRAM .data.CCMRAM.*)
                0x00000000                . = ALIGN (0x4)
                0x08001840                _sidata = LOADADDR (.data)

.data           0x20000000       0xd8 load address 0x08001840
 FILL mask 0xff
                0x20000000                _sdata = .
                0x20000000                __data_start__ = .
 *(.data_begin .data_begin.*)
 .data_begin    0x20000000        0x4 ./system/src/newlib/_startup.o
 *(.data .data.*)
 .data.argv.4310
                0x20000004        0x8 ./system/src/newlib/_syscalls.o
 .data.AHBPrescTable
                0x2000000c       0x10 ./system/src/cmsis/system_stm32f10x.o
                0x2000000c                AHBPrescTable
 .data.SystemCoreClock
                0x2000001c        0x4 ./system/src/cmsis/system_stm32f10x.o
                0x2000001c                SystemCoreClock
 .data.LEDMATRIX_COL
                0x20000020       0x10 ./src/LEDMatrix_program.o
                0x20000020                LEDMATRIX_COL
 .data.LEDMATRIX_ROW
                0x20000030       0x10 ./src/LEDMatrix_program.o
                0x20000030                LEDMATRIX_ROW
 .data.TextSize
                0x20000040        0x1 ./src/LEM_IR.o
                0x20000040                TextSize
 *fill*         0x20000041        0x3 ff
 .data.e        0x20000044        0xf ./src/LEM_IR.o
                0x20000044                e
 *fill*         0x20000053        0x1 ff
 .data.engy     0x20000054       0x19 ./src/LEM_IR.o
                0x20000054                engy
 *fill*         0x2000006d        0x3 ff
 .data._impure_ptr
                0x20000070        0x4 d:/tools/sdk/imt_sdk_win_64/winarm/armgcc/bin/../lib/gcc/arm-none-eabi/7.2.1/../../../../arm-none-eabi/lib/thumb/v7-m\libg_nano.a(lib_a-impure.o)
                0x20000070                _impure_ptr
 .data.impure_data
                0x20000074       0x60 d:/tools/sdk/imt_sdk_win_64/winarm/armgcc/bin/../lib/gcc/arm-none-eabi/7.2.1/../../../../arm-none-eabi/lib/thumb/v7-m\libg_nano.a(lib_a-impure.o)
 *(.data_end .data_end.*)
 .data_end      0x200000d4        0x4 ./system/src/newlib/_startup.o
                0x200000d8                . = ALIGN (0x4)
                0x200000d8                _edata = .
                0x200000d8                __data_end__ = .

.igot.plt       0x200000d8        0x0 load address 0x08001918
 .igot.plt      0x200000d8        0x0 ./system/src/newlib/_exit.o

.bss_CCMRAM     0x00000000        0x0
 *(.bss.CCMRAM .bss.CCMRAM.*)

.bss            0x200000d8      0x178
                0x200000d8                __bss_start__ = .
                0x200000d8                _sbss = .
 *(.bss_begin .bss_begin.*)
 .bss_begin     0x200000d8        0x4 ./system/src/newlib/_startup.o
 *(.bss .bss.*)
 .bss.current_heap_end.3961
                0x200000dc        0x4 ./system/src/newlib/_sbrk.o
 .bss.name.4309
                0x200000e0        0x1 ./system/src/newlib/_syscalls.o
 *fill*         0x200000e1        0x3 
 .bss.buf.5205  0x200000e4       0x80 ./system/src/diag/Trace.o
 .bss.EXTI0_CallBack
                0x20000164        0x4 ./src/EXTI_program.o
 .bss.u32FrameData
                0x20000168       0xc8 ./src/IRREMOTE_program.o
                0x20000168                u32FrameData
 .bss.u8Data    0x20000230        0x1 ./src/IRREMOTE_program.o
                0x20000230                u8Data
 .bss.u8EdgeCounter
                0x20000231        0x1 ./src/IRREMOTE_program.o
                0x20000231                u8EdgeCounter
 .bss.u8StartFlag
                0x20000232        0x1 ./src/IRREMOTE_program.o
                0x20000232                u8StartFlag
 *fill*         0x20000233        0x1 
 .bss.STK_CallBack
                0x20000234        0x4 ./src/SYSTIC_program.o
 .bss.__malloc_free_list
                0x20000238        0x4 d:/tools/sdk/imt_sdk_win_64/winarm/armgcc/bin/../lib/gcc/arm-none-eabi/7.2.1/../../../../arm-none-eabi/lib/thumb/v7-m\libg_nano.a(lib_a-nano-mallocr.o)
                0x20000238                __malloc_free_list
 .bss.__malloc_sbrk_start
                0x2000023c        0x4 d:/tools/sdk/imt_sdk_win_64/winarm/armgcc/bin/../lib/gcc/arm-none-eabi/7.2.1/../../../../arm-none-eabi/lib/thumb/v7-m\libg_nano.a(lib_a-nano-mallocr.o)
                0x2000023c                __malloc_sbrk_start
 *(COMMON)
 COMMON         0x20000240        0x4 ./system/src/newlib/_syscalls.o
                0x20000240                errno
 COMMON         0x20000244        0x4 ./src/IRREMOTE_program.o
                0x20000244                IR_CallBack
 COMMON         0x20000248        0x1 ./src/SYSTIC_program.o
                0x20000248                STK_Interval
 *(.bss_end .bss_end.*)
 *fill*         0x20000249        0x3 
 .bss_end       0x2000024c        0x4 ./system/src/newlib/_startup.o
                0x20000250                . = ALIGN (0x4)
                0x20000250                __bss_end__ = .
                0x20000250                _ebss = .

.noinit_CCMRAM
 *(.noinit.CCMRAM .noinit.CCMRAM.*)

.noinit         0x20000250        0x0
                0x20000250                _noinit = .
 *(.noinit .noinit.*)
                0x20000250                . = ALIGN (0x4)
                0x20000250                _end_noinit = .
                [!provide]                PROVIDE (end, _end_noinit)
                [!provide]                PROVIDE (_end, _end_noinit)
                [!provide]                PROVIDE (__end, _end_noinit)
                [!provide]                PROVIDE (__end__, _end_noinit)

._check_stack   0x20000250      0x100
                0x20000350                . = (. + _Minimum_Stack_Size)
 *fill*         0x20000250      0x100 

.b1text
 *(.b1text)
 *(.b1rodata)
 *(.b1rodata.*)

.eb0text
 *(.eb0text)
 *(.eb0rodata)
 *(.eb0rodata.*)

.eb1text
 *(.eb1text)
 *(.eb1rodata)
 *(.eb1rodata.*)

.eb2text
 *(.eb2text)
 *(.eb2rodata)
 *(.eb2rodata.*)

.eb3text
 *(.eb3text)
 *(.eb3rodata)
 *(.eb3rodata.*)

.stab
 *(.stab)

.stabstr
 *(.stabstr)

.stab.excl
 *(.stab.excl)

.stab.exclstr
 *(.stab.exclstr)

.stab.index
 *(.stab.index)

.stab.indexstr
 *(.stab.indexstr)

.comment        0x00000000       0x7e
 *(.comment)
 .comment       0x00000000       0x7e ./system/src/newlib/_exit.o
                                 0x7f (size before relaxing)
 .comment       0x0000007e       0x7f ./system/src/newlib/_sbrk.o
 .comment       0x0000007e       0x7f ./system/src/newlib/_startup.o
 .comment       0x0000007e       0x7f ./system/src/newlib/_syscalls.o
 .comment       0x0000007e       0x7f ./system/src/diag/Trace.o
 .comment       0x0000007e       0x7f ./system/src/diag/trace_impl.o
 .comment       0x0000007e       0x7f ./system/src/cortexm/_initialize_hardware.o
 .comment       0x0000007e       0x7f ./system/src/cortexm/exception_handlers.o
 .comment       0x0000007e       0x7f ./system/src/cmsis/system_stm32f10x.o
 .comment       0x0000007e       0x7f ./system/src/cmsis/vectors_stm32f10x.o
 .comment       0x0000007e       0x7f ./src/AFIO_prog.o
 .comment       0x0000007e       0x7f ./src/DELAY.o
 .comment       0x0000007e       0x7f ./src/EXTI_program.o
 .comment       0x0000007e       0x7f ./src/GPIO.o
 .comment       0x0000007e       0x7f ./src/IRREMOTE_program.o
 .comment       0x0000007e       0x7f ./src/LEDMatrix_program.o
 .comment       0x0000007e       0x7f ./src/LEM_IR.o
 .comment       0x0000007e       0x7f ./src/NVIC_programe.o
 .comment       0x0000007e       0x7f ./src/RCC_program.o
 .comment       0x0000007e       0x7f ./src/SYSTIC_program.o
 .comment       0x0000007e       0x7f ./src/main.o

.ARM.attributes
                0x00000000       0x31
 .ARM.attributes
                0x00000000       0x33 ./system/src/newlib/_exit.o
 .ARM.attributes
                0x00000033       0x33 ./system/src/newlib/_sbrk.o
 .ARM.attributes
                0x00000066       0x33 ./system/src/newlib/_startup.o
 .ARM.attributes
                0x00000099       0x33 ./system/src/newlib/_syscalls.o
 .ARM.attributes
                0x000000cc       0x33 ./system/src/diag/Trace.o
 .ARM.attributes
                0x000000ff       0x33 ./system/src/diag/trace_impl.o
 .ARM.attributes
                0x00000132       0x33 ./system/src/cortexm/_initialize_hardware.o
 .ARM.attributes
                0x00000165       0x33 ./system/src/cortexm/exception_handlers.o
 .ARM.attributes
                0x00000198       0x33 ./system/src/cmsis/system_stm32f10x.o
 .ARM.attributes
                0x000001cb       0x33 ./system/src/cmsis/vectors_stm32f10x.o
 .ARM.attributes
                0x000001fe       0x33 ./src/AFIO_prog.o
 .ARM.attributes
                0x00000231       0x33 ./src/DELAY.o
 .ARM.attributes
                0x00000264       0x33 ./src/EXTI_program.o
 .ARM.attributes
                0x00000297       0x33 ./src/GPIO.o
 .ARM.attributes
                0x000002ca       0x33 ./src/IRREMOTE_program.o
 .ARM.attributes
                0x000002fd       0x33 ./src/LEDMatrix_program.o
 .ARM.attributes
                0x00000330       0x33 ./src/LEM_IR.o
 .ARM.attributes
                0x00000363       0x33 ./src/NVIC_programe.o
 .ARM.attributes
                0x00000396       0x33 ./src/RCC_program.o
 .ARM.attributes
                0x000003c9       0x33 ./src/SYSTIC_program.o
 .ARM.attributes
                0x000003fc       0x33 ./src/main.o
 .ARM.attributes
                0x0000042f       0x2d d:/tools/sdk/imt_sdk_win_64/winarm/armgcc/bin/../lib/gcc/arm-none-eabi/7.2.1/../../../../arm-none-eabi/lib/thumb/v7-m\libg_nano.a(lib_a-errno.o)
 .ARM.attributes
                0x0000045c       0x2d d:/tools/sdk/imt_sdk_win_64/winarm/armgcc/bin/../lib/gcc/arm-none-eabi/7.2.1/../../../../arm-none-eabi/lib/thumb/v7-m\libg_nano.a(lib_a-impure.o)
 .ARM.attributes
                0x00000489       0x2d d:/tools/sdk/imt_sdk_win_64/winarm/armgcc/bin/../lib/gcc/arm-none-eabi/7.2.1/../../../../arm-none-eabi/lib/thumb/v7-m\libg_nano.a(lib_a-vsnprintf.o)
 .ARM.attributes
                0x000004b6       0x2d d:/tools/sdk/imt_sdk_win_64/winarm/armgcc/bin/../lib/gcc/arm-none-eabi/7.2.1/../../../../arm-none-eabi/lib/thumb/v7-m\libg_nano.a(lib_a-nano-svfprintf.o)
 .ARM.attributes
                0x000004e3       0x2d d:/tools/sdk/imt_sdk_win_64/winarm/armgcc/bin/../lib/gcc/arm-none-eabi/7.2.1/../../../../arm-none-eabi/lib/thumb/v7-m\libg_nano.a(lib_a-nano-vfprintf_i.o)
 .ARM.attributes
                0x00000510       0x2d d:/tools/sdk/imt_sdk_win_64/winarm/armgcc/bin/../lib/gcc/arm-none-eabi/7.2.1/../../../../arm-none-eabi/lib/thumb/v7-m\libg_nano.a(lib_a-memchr-stub.o)
 .ARM.attributes
                0x0000053d       0x2d d:/tools/sdk/imt_sdk_win_64/winarm/armgcc/bin/../lib/gcc/arm-none-eabi/7.2.1/../../../../arm-none-eabi/lib/thumb/v7-m\libg_nano.a(lib_a-memcpy-stub.o)
 .ARM.attributes
                0x0000056a       0x2d d:/tools/sdk/imt_sdk_win_64/winarm/armgcc/bin/../lib/gcc/arm-none-eabi/7.2.1/../../../../arm-none-eabi/lib/thumb/v7-m\libg_nano.a(lib_a-memmove.o)
 .ARM.attributes
                0x00000597       0x2d d:/tools/sdk/imt_sdk_win_64/winarm/armgcc/bin/../lib/gcc/arm-none-eabi/7.2.1/../../../../arm-none-eabi/lib/thumb/v7-m\libg_nano.a(lib_a-nano-freer.o)
 .ARM.attributes
                0x000005c4       0x2d d:/tools/sdk/imt_sdk_win_64/winarm/armgcc/bin/../lib/gcc/arm-none-eabi/7.2.1/../../../../arm-none-eabi/lib/thumb/v7-m\libg_nano.a(lib_a-nano-mallocr.o)
 .ARM.attributes
                0x000005f1       0x2d d:/tools/sdk/imt_sdk_win_64/winarm/armgcc/bin/../lib/gcc/arm-none-eabi/7.2.1/../../../../arm-none-eabi/lib/thumb/v7-m\libg_nano.a(lib_a-nano-reallocr.o)
 .ARM.attributes
                0x0000061e       0x2d d:/tools/sdk/imt_sdk_win_64/winarm/armgcc/bin/../lib/gcc/arm-none-eabi/7.2.1/../../../../arm-none-eabi/lib/thumb/v7-m\libg_nano.a(lib_a-sbrkr.o)
 .ARM.attributes
                0x0000064b       0x2d d:/tools/sdk/imt_sdk_win_64/winarm/armgcc/bin/../lib/gcc/arm-none-eabi/7.2.1/../../../../arm-none-eabi/lib/thumb/v7-m\libg_nano.a(lib_a-mlock.o)
 .ARM.attributes
                0x00000678       0x2d d:/tools/sdk/imt_sdk_win_64/winarm/armgcc/bin/../lib/gcc/arm-none-eabi/7.2.1/../../../../arm-none-eabi/lib/thumb/v7-m\libg_nano.a(lib_a-nano-msizer.o)

.debug
 *(.debug)

.line
 *(.line)

.debug_srcinfo
 *(.debug_srcinfo)

.debug_sfnames
 *(.debug_sfnames)

.debug_aranges  0x00000000      0x4d0
 *(.debug_aranges)
 .debug_aranges
                0x00000000       0x28 ./system/src/newlib/_exit.o
 .debug_aranges
                0x00000028       0x20 ./system/src/newlib/_sbrk.o
 .debug_aranges
                0x00000048       0x40 ./system/src/newlib/_startup.o
 .debug_aranges
                0x00000088       0x30 ./system/src/newlib/_syscalls.o
 .debug_aranges
                0x000000b8       0x38 ./system/src/diag/Trace.o
 .debug_aranges
                0x000000f0       0x30 ./system/src/diag/trace_impl.o
 .debug_aranges
                0x00000120       0x28 ./system/src/cortexm/_initialize_hardware.o
 .debug_aranges
                0x00000148       0x90 ./system/src/cortexm/exception_handlers.o
 .debug_aranges
                0x000001d8       0x38 ./system/src/cmsis/system_stm32f10x.o
 .debug_aranges
                0x00000210       0x20 ./system/src/cmsis/vectors_stm32f10x.o
 .debug_aranges
                0x00000230       0x20 ./src/AFIO_prog.o
 .debug_aranges
                0x00000250       0x28 ./src/DELAY.o
 .debug_aranges
                0x00000278       0x58 ./src/EXTI_program.o
 .debug_aranges
                0x000002d0       0x48 ./src/GPIO.o
 .debug_aranges
                0x00000318       0x38 ./src/IRREMOTE_program.o
 .debug_aranges
                0x00000350       0x40 ./src/LEDMatrix_program.o
 .debug_aranges
                0x00000390       0x48 ./src/LEM_IR.o
 .debug_aranges
                0x000003d8       0x50 ./src/NVIC_programe.o
 .debug_aranges
                0x00000428       0x30 ./src/RCC_program.o
 .debug_aranges
                0x00000458       0x58 ./src/SYSTIC_program.o
 .debug_aranges
                0x000004b0       0x20 ./src/main.o

.debug_pubnames
 *(.debug_pubnames)

.debug_info     0x00000000     0x6096
 *(.debug_info .gnu.linkonce.wi.*)
 .debug_info    0x00000000      0x956 ./system/src/newlib/_exit.o
 .debug_info    0x00000956      0x942 ./system/src/newlib/_sbrk.o
 .debug_info    0x00001298      0x42e ./system/src/newlib/_startup.o
 .debug_info    0x000016c6      0xa19 ./system/src/newlib/_syscalls.o
 .debug_info    0x000020df      0xb2a ./system/src/diag/Trace.o
 .debug_info    0x00002c09      0x363 ./system/src/diag/trace_impl.o
 .debug_info    0x00002f6c      0x2b5 ./system/src/cortexm/_initialize_hardware.o
 .debug_info    0x00003221     0x1140 ./system/src/cortexm/exception_handlers.o
 .debug_info    0x00004361      0x494 ./system/src/cmsis/system_stm32f10x.o
 .debug_info    0x000047f5       0xca ./system/src/cmsis/vectors_stm32f10x.o
 .debug_info    0x000048bf      0x128 ./src/AFIO_prog.o
 .debug_info    0x000049e7       0xe7 ./src/DELAY.o
 .debug_info    0x00004ace      0x1fd ./src/EXTI_program.o
 .debug_info    0x00004ccb      0x279 ./src/GPIO.o
 .debug_info    0x00004f44      0x2b5 ./src/IRREMOTE_program.o
 .debug_info    0x000051f9      0x2a3 ./src/LEDMatrix_program.o
 .debug_info    0x0000549c      0x4ba ./src/LEM_IR.o
 .debug_info    0x00005956      0x2eb ./src/NVIC_programe.o
 .debug_info    0x00005c41      0x19e ./src/RCC_program.o
 .debug_info    0x00005ddf      0x1f1 ./src/SYSTIC_program.o
 .debug_info    0x00005fd0       0xc6 ./src/main.o

.debug_abbrev   0x00000000     0x1c19
 *(.debug_abbrev)
 .debug_abbrev  0x00000000      0x1f3 ./system/src/newlib/_exit.o
 .debug_abbrev  0x000001f3      0x1fc ./system/src/newlib/_sbrk.o
 .debug_abbrev  0x000003ef      0x1b3 ./system/src/newlib/_startup.o
 .debug_abbrev  0x000005a2      0x234 ./system/src/newlib/_syscalls.o
 .debug_abbrev  0x000007d6      0x276 ./system/src/diag/Trace.o
 .debug_abbrev  0x00000a4c      0x1e2 ./system/src/diag/trace_impl.o
 .debug_abbrev  0x00000c2e       0xea ./system/src/cortexm/_initialize_hardware.o
 .debug_abbrev  0x00000d18      0x32b ./system/src/cortexm/exception_handlers.o
 .debug_abbrev  0x00001043      0x177 ./system/src/cmsis/system_stm32f10x.o
 .debug_abbrev  0x000011ba       0x9d ./system/src/cmsis/vectors_stm32f10x.o
 .debug_abbrev  0x00001257       0xb6 ./src/AFIO_prog.o
 .debug_abbrev  0x0000130d       0x8e ./src/DELAY.o
 .debug_abbrev  0x0000139b       0xe4 ./src/EXTI_program.o
 .debug_abbrev  0x0000147f       0xe9 ./src/GPIO.o
 .debug_abbrev  0x00001568      0x127 ./src/IRREMOTE_program.o
 .debug_abbrev  0x0000168f      0x110 ./src/LEDMatrix_program.o
 .debug_abbrev  0x0000179f       0xd5 ./src/LEM_IR.o
 .debug_abbrev  0x00001874      0x13f ./src/NVIC_programe.o
 .debug_abbrev  0x000019b3       0xbe ./src/RCC_program.o
 .debug_abbrev  0x00001a71      0x122 ./src/SYSTIC_program.o
 .debug_abbrev  0x00001b93       0x86 ./src/main.o

.debug_line     0x00000000     0x32b6
 *(.debug_line)
 .debug_line    0x00000000      0x31f ./system/src/newlib/_exit.o
 .debug_line    0x0000031f      0x2d3 ./system/src/newlib/_sbrk.o
 .debug_line    0x000005f2      0x38d ./system/src/newlib/_startup.o
 .debug_line    0x0000097f      0x3dd ./system/src/newlib/_syscalls.o
 .debug_line    0x00000d5c      0x39b ./system/src/diag/Trace.o
 .debug_line    0x000010f7      0x608 ./system/src/diag/trace_impl.o
 .debug_line    0x000016ff      0x368 ./system/src/cortexm/_initialize_hardware.o
 .debug_line    0x00001a67      0x6ca ./system/src/cortexm/exception_handlers.o
 .debug_line    0x00002131      0x3db ./system/src/cmsis/system_stm32f10x.o
 .debug_line    0x0000250c       0xf4 ./system/src/cmsis/vectors_stm32f10x.o
 .debug_line    0x00002600       0xa7 ./src/AFIO_prog.o
 .debug_line    0x000026a7       0x8d ./src/DELAY.o
 .debug_line    0x00002734      0x128 ./src/EXTI_program.o
 .debug_line    0x0000285c      0x1bc ./src/GPIO.o
 .debug_line    0x00002a18      0x170 ./src/IRREMOTE_program.o
 .debug_line    0x00002b88      0x1b4 ./src/LEDMatrix_program.o
 .debug_line    0x00002d3c      0x1aa ./src/LEM_IR.o
 .debug_line    0x00002ee6      0x12e ./src/NVIC_programe.o
 .debug_line    0x00003014       0xe9 ./src/RCC_program.o
 .debug_line    0x000030fd      0x144 ./src/SYSTIC_program.o
 .debug_line    0x00003241       0x75 ./src/main.o

.debug_frame    0x00000000      0xbec
 *(.debug_frame)
 .debug_frame   0x00000000       0x38 ./system/src/newlib/_exit.o
 .debug_frame   0x00000038       0x28 ./system/src/newlib/_sbrk.o
 .debug_frame   0x00000060       0x7c ./system/src/newlib/_startup.o
 .debug_frame   0x000000dc       0x50 ./system/src/newlib/_syscalls.o
 .debug_frame   0x0000012c       0x94 ./system/src/diag/Trace.o
 .debug_frame   0x000001c0       0x64 ./system/src/diag/trace_impl.o
 .debug_frame   0x00000224       0x40 ./system/src/cortexm/_initialize_hardware.o
 .debug_frame   0x00000264      0x158 ./system/src/cortexm/exception_handlers.o
 .debug_frame   0x000003bc       0x6c ./system/src/cmsis/system_stm32f10x.o
 .debug_frame   0x00000428       0x20 ./system/src/cmsis/vectors_stm32f10x.o
 .debug_frame   0x00000448       0x2c ./src/AFIO_prog.o
 .debug_frame   0x00000474       0x30 ./src/DELAY.o
 .debug_frame   0x000004a4       0x98 ./src/EXTI_program.o
 .debug_frame   0x0000053c       0x7c ./src/GPIO.o
 .debug_frame   0x000005b8       0x6c ./src/IRREMOTE_program.o
 .debug_frame   0x00000624       0xa4 ./src/LEDMatrix_program.o
 .debug_frame   0x000006c8       0xa0 ./src/LEM_IR.o
 .debug_frame   0x00000768       0x88 ./src/NVIC_programe.o
 .debug_frame   0x000007f0       0x40 ./src/RCC_program.o
 .debug_frame   0x00000830       0xa4 ./src/SYSTIC_program.o
 .debug_frame   0x000008d4       0x28 ./src/main.o
 .debug_frame   0x000008fc       0x20 d:/tools/sdk/imt_sdk_win_64/winarm/armgcc/bin/../lib/gcc/arm-none-eabi/7.2.1/../../../../arm-none-eabi/lib/thumb/v7-m\libg_nano.a(lib_a-errno.o)
 .debug_frame   0x0000091c       0x4c d:/tools/sdk/imt_sdk_win_64/winarm/armgcc/bin/../lib/gcc/arm-none-eabi/7.2.1/../../../../arm-none-eabi/lib/thumb/v7-m\libg_nano.a(lib_a-vsnprintf.o)
 .debug_frame   0x00000968       0x90 d:/tools/sdk/imt_sdk_win_64/winarm/armgcc/bin/../lib/gcc/arm-none-eabi/7.2.1/../../../../arm-none-eabi/lib/thumb/v7-m\libg_nano.a(lib_a-nano-svfprintf.o)
 .debug_frame   0x000009f8       0x60 d:/tools/sdk/imt_sdk_win_64/winarm/armgcc/bin/../lib/gcc/arm-none-eabi/7.2.1/../../../../arm-none-eabi/lib/thumb/v7-m\libg_nano.a(lib_a-nano-vfprintf_i.o)
 .debug_frame   0x00000a58       0x28 d:/tools/sdk/imt_sdk_win_64/winarm/armgcc/bin/../lib/gcc/arm-none-eabi/7.2.1/../../../../arm-none-eabi/lib/thumb/v7-m\libg_nano.a(lib_a-memchr-stub.o)
 .debug_frame   0x00000a80       0x28 d:/tools/sdk/imt_sdk_win_64/winarm/armgcc/bin/../lib/gcc/arm-none-eabi/7.2.1/../../../../arm-none-eabi/lib/thumb/v7-m\libg_nano.a(lib_a-memcpy-stub.o)
 .debug_frame   0x00000aa8       0x28 d:/tools/sdk/imt_sdk_win_64/winarm/armgcc/bin/../lib/gcc/arm-none-eabi/7.2.1/../../../../arm-none-eabi/lib/thumb/v7-m\libg_nano.a(lib_a-memmove.o)
 .debug_frame   0x00000ad0       0x38 d:/tools/sdk/imt_sdk_win_64/winarm/armgcc/bin/../lib/gcc/arm-none-eabi/7.2.1/../../../../arm-none-eabi/lib/thumb/v7-m\libg_nano.a(lib_a-nano-freer.o)
 .debug_frame   0x00000b08       0x2c d:/tools/sdk/imt_sdk_win_64/winarm/armgcc/bin/../lib/gcc/arm-none-eabi/7.2.1/../../../../arm-none-eabi/lib/thumb/v7-m\libg_nano.a(lib_a-nano-mallocr.o)
 .debug_frame   0x00000b34       0x3c d:/tools/sdk/imt_sdk_win_64/winarm/armgcc/bin/../lib/gcc/arm-none-eabi/7.2.1/../../../../arm-none-eabi/lib/thumb/v7-m\libg_nano.a(lib_a-nano-reallocr.o)
 .debug_frame   0x00000b70       0x2c d:/tools/sdk/imt_sdk_win_64/winarm/armgcc/bin/../lib/gcc/arm-none-eabi/7.2.1/../../../../arm-none-eabi/lib/thumb/v7-m\libg_nano.a(lib_a-sbrkr.o)
 .debug_frame   0x00000b9c       0x30 d:/tools/sdk/imt_sdk_win_64/winarm/armgcc/bin/../lib/gcc/arm-none-eabi/7.2.1/../../../../arm-none-eabi/lib/thumb/v7-m\libg_nano.a(lib_a-mlock.o)
 .debug_frame   0x00000bcc       0x20 d:/tools/sdk/imt_sdk_win_64/winarm/armgcc/bin/../lib/gcc/arm-none-eabi/7.2.1/../../../../arm-none-eabi/lib/thumb/v7-m\libg_nano.a(lib_a-nano-msizer.o)

.debug_str      0x00000000    0x57a5d
 *(.debug_str)
 .debug_str     0x00000000     0x7cfa ./system/src/newlib/_exit.o
                               0x7ecd (size before relaxing)
 .debug_str     0x00007cfa      0x4f5 ./system/src/newlib/_sbrk.o
                               0x727f (size before relaxing)
 .debug_str     0x000081ef      0xbbd ./system/src/newlib/_startup.o
                               0x69ba (size before relaxing)
 .debug_str     0x00008dac      0xe8b ./system/src/newlib/_syscalls.o
                               0x815a (size before relaxing)
 .debug_str     0x00009c37      0x826 ./system/src/diag/Trace.o
                               0x8645 (size before relaxing)
 .debug_str     0x0000a45d    0x4b2b9 ./system/src/diag/trace_impl.o
                              0x52a2b (size before relaxing)
 .debug_str     0x00055716       0xc4 ./system/src/cortexm/_initialize_hardware.o
                              0x4e81c (size before relaxing)
 .debug_str     0x000557da      0x1a6 ./system/src/cortexm/exception_handlers.o
                              0x53c50 (size before relaxing)
 .debug_str     0x00055980      0x114 ./system/src/cmsis/system_stm32f10x.o
                              0x4e8b6 (size before relaxing)
 .debug_str     0x00055a94       0x57 ./system/src/cmsis/vectors_stm32f10x.o
                               0x385b (size before relaxing)
 .debug_str     0x00055aeb      0x2a3 ./src/AFIO_prog.o
                               0x3010 (size before relaxing)
 .debug_str     0x00055d8e       0x33 ./src/DELAY.o
                               0x2dbc (size before relaxing)
 .debug_str     0x00055dc1      0x22f ./src/EXTI_program.o
                               0x3161 (size before relaxing)
 .debug_str     0x00055ff0      0x3f3 ./src/GPIO.o
                               0x3332 (size before relaxing)
 .debug_str     0x000563e3      0x211 ./src/IRREMOTE_program.o
                               0x344b (size before relaxing)
 .debug_str     0x000565f4      0x4f1 ./src/LEDMatrix_program.o
                               0x36de (size before relaxing)
 .debug_str     0x00056ae5       0xbd ./src/LEM_IR.o
                               0x364d (size before relaxing)
 .debug_str     0x00056ba2      0x262 ./src/NVIC_programe.o
                               0x31b8 (size before relaxing)
 .debug_str     0x00056e04      0xaa2 ./src/RCC_program.o
                               0x3c39 (size before relaxing)
 .debug_str     0x000578a6      0x1a9 ./src/SYSTIC_program.o
                               0x3124 (size before relaxing)
 .debug_str     0x00057a4f        0xe ./src/main.o
                               0x2f59 (size before relaxing)

.debug_loc      0x00000000     0x15aa
 *(.debug_loc)
 .debug_loc     0x00000000       0x85 ./system/src/newlib/_sbrk.o
 .debug_loc     0x00000085      0x1a9 ./system/src/newlib/_startup.o
 .debug_loc     0x0000022e       0x63 ./system/src/newlib/_syscalls.o
 .debug_loc     0x00000291       0xf6 ./system/src/diag/Trace.o
 .debug_loc     0x00000387      0x121 ./system/src/diag/trace_impl.o
 .debug_loc     0x000004a8      0x291 ./system/src/cortexm/exception_handlers.o
 .debug_loc     0x00000739       0xdf ./system/src/cmsis/system_stm32f10x.o
 .debug_loc     0x00000818       0x62 ./src/AFIO_prog.o
 .debug_loc     0x0000087a       0x80 ./src/DELAY.o
 .debug_loc     0x000008fa       0xdc ./src/EXTI_program.o
 .debug_loc     0x000009d6      0x644 ./src/GPIO.o
 .debug_loc     0x0000101a       0x1e ./src/IRREMOTE_program.o
 .debug_loc     0x00001038      0x1f4 ./src/LEDMatrix_program.o
 .debug_loc     0x0000122c       0x84 ./src/LEM_IR.o
 .debug_loc     0x000012b0      0x1c1 ./src/NVIC_programe.o
 .debug_loc     0x00001471       0xe6 ./src/RCC_program.o
 .debug_loc     0x00001557       0x53 ./src/SYSTIC_program.o

.debug_macinfo
 *(.debug_macinfo)

.debug_weaknames
 *(.debug_weaknames)

.debug_funcnames
 *(.debug_funcnames)

.debug_typenames
 *(.debug_typenames)

.debug_varnames
 *(.debug_varnames)
OUTPUT(LEDMatrix_IR.elf elf32-littlearm)

.debug_ranges   0x00000000      0x410
 .debug_ranges  0x00000000       0x18 ./system/src/newlib/_exit.o
 .debug_ranges  0x00000018       0x10 ./system/src/newlib/_sbrk.o
 .debug_ranges  0x00000028       0x78 ./system/src/newlib/_startup.o
 .debug_ranges  0x000000a0       0x20 ./system/src/newlib/_syscalls.o
 .debug_ranges  0x000000c0       0x28 ./system/src/diag/Trace.o
 .debug_ranges  0x000000e8       0x50 ./system/src/diag/trace_impl.o
 .debug_ranges  0x00000138       0x18 ./system/src/cortexm/_initialize_hardware.o
 .debug_ranges  0x00000150       0x80 ./system/src/cortexm/exception_handlers.o
 .debug_ranges  0x000001d0       0x28 ./system/src/cmsis/system_stm32f10x.o
 .debug_ranges  0x000001f8       0x10 ./system/src/cmsis/vectors_stm32f10x.o
 .debug_ranges  0x00000208       0x10 ./src/AFIO_prog.o
 .debug_ranges  0x00000218       0x18 ./src/DELAY.o
 .debug_ranges  0x00000230       0x48 ./src/EXTI_program.o
 .debug_ranges  0x00000278       0x38 ./src/GPIO.o
 .debug_ranges  0x000002b0       0x28 ./src/IRREMOTE_program.o
 .debug_ranges  0x000002d8       0x48 ./src/LEDMatrix_program.o
 .debug_ranges  0x00000320       0x38 ./src/LEM_IR.o
 .debug_ranges  0x00000358       0x40 ./src/NVIC_programe.o
 .debug_ranges  0x00000398       0x20 ./src/RCC_program.o
 .debug_ranges  0x000003b8       0x48 ./src/SYSTIC_program.o
 .debug_ranges  0x00000400       0x10 ./src/main.o

.debug_macro    0x00000000     0x3244
 .debug_macro   0x00000000      0x1b4 ./system/src/newlib/_exit.o
 .debug_macro   0x000001b4       0x9c ./system/src/newlib/_exit.o
 .debug_macro   0x00000250      0x10e ./system/src/newlib/_exit.o
 .debug_macro   0x0000035e       0x8d ./system/src/newlib/_exit.o
 .debug_macro   0x000003eb       0x43 ./system/src/newlib/_exit.o
 .debug_macro   0x0000042e      0x330 ./system/src/newlib/_exit.o
 .debug_macro   0x0000075e       0x35 ./system/src/newlib/_exit.o
 .debug_macro   0x00000793      0x169 ./system/src/newlib/_sbrk.o
 .debug_macro   0x000008fc      0x174 ./system/src/newlib/_sbrk.o
 .debug_macro   0x00000a70       0x10 ./system/src/newlib/_sbrk.o
 .debug_macro   0x00000a80      0x23b ./system/src/newlib/_sbrk.o
 .debug_macro   0x00000cbb      0x173 ./system/src/newlib/_startup.o
 .debug_macro   0x00000e2e      0x217 ./system/src/newlib/_syscalls.o
 .debug_macro   0x00001045       0x1c ./system/src/newlib/_syscalls.o
 .debug_macro   0x00001061       0x10 ./system/src/newlib/_syscalls.o
 .debug_macro   0x00001071       0x10 ./system/src/newlib/_syscalls.o
 .debug_macro   0x00001081       0x10 ./system/src/newlib/_syscalls.o
 .debug_macro   0x00001091       0x35 ./system/src/newlib/_syscalls.o
 .debug_macro   0x000010c6      0x122 ./system/src/newlib/_syscalls.o
 .debug_macro   0x000011e8       0x88 ./system/src/newlib/_syscalls.o
 .debug_macro   0x00001270       0x2b ./system/src/newlib/_syscalls.o
 .debug_macro   0x0000129b      0x118 ./system/src/newlib/_syscalls.o
 .debug_macro   0x000013b3      0x189 ./system/src/newlib/_syscalls.o
 .debug_macro   0x0000153c       0x16 ./system/src/newlib/_syscalls.o
 .debug_macro   0x00001552      0x1fb ./system/src/diag/Trace.o
 .debug_macro   0x0000174d       0x16 ./system/src/diag/Trace.o
 .debug_macro   0x00001763       0x97 ./system/src/diag/Trace.o
 .debug_macro   0x000017fa       0xfd ./system/src/diag/Trace.o
 .debug_macro   0x000018f7       0x10 ./system/src/diag/Trace.o
 .debug_macro   0x00001907       0x16 ./system/src/diag/Trace.o
 .debug_macro   0x0000191d      0x16f ./system/src/diag/Trace.o
 .debug_macro   0x00001a8c       0x4c ./system/src/diag/Trace.o
 .debug_macro   0x00001ad8       0x16 ./system/src/diag/Trace.o
 .debug_macro   0x00001aee      0x2da ./system/src/diag/trace_impl.o
 .debug_macro   0x00001dc8       0x10 ./system/src/diag/trace_impl.o
 .debug_macro   0x00001dd8       0xcf ./system/src/diag/trace_impl.o
 .debug_macro   0x00001ea7       0xbe ./system/src/diag/trace_impl.o
 .debug_macro   0x00001f65       0x22 ./system/src/diag/trace_impl.o
 .debug_macro   0x00001f87      0x16b ./system/src/cortexm/_initialize_hardware.o
 .debug_macro   0x000020f2      0x324 ./system/src/cortexm/exception_handlers.o
 .debug_macro   0x00002416       0x3b ./system/src/cortexm/exception_handlers.o
 .debug_macro   0x00002451       0x10 ./system/src/cortexm/exception_handlers.o
 .debug_macro   0x00002461      0x16e ./system/src/cmsis/system_stm32f10x.o
 .debug_macro   0x000025cf       0x34 ./system/src/cmsis/vectors_stm32f10x.o
 .debug_macro   0x00002603       0x40 ./src/AFIO_prog.o
 .debug_macro   0x00002643       0x10 ./src/AFIO_prog.o
 .debug_macro   0x00002653       0x34 ./src/AFIO_prog.o
 .debug_macro   0x00002687       0x10 ./src/AFIO_prog.o
 .debug_macro   0x00002697       0x1a ./src/DELAY.o
 .debug_macro   0x000026b1       0x3f ./src/EXTI_program.o
 .debug_macro   0x000026f0       0x82 ./src/EXTI_program.o
 .debug_macro   0x00002772       0x16 ./src/EXTI_program.o
 .debug_macro   0x00002788       0x35 ./src/GPIO.o
 .debug_macro   0x000027bd       0xee ./src/GPIO.o
 .debug_macro   0x000028ab       0x1c ./src/GPIO.o
 .debug_macro   0x000028c7       0x66 ./src/IRREMOTE_program.o
 .debug_macro   0x0000292d       0x22 ./src/IRREMOTE_program.o
 .debug_macro   0x0000294f       0x88 ./src/IRREMOTE_program.o
 .debug_macro   0x000029d7       0x5c ./src/LEDMatrix_program.o
 .debug_macro   0x00002a33      0x10c ./src/LEDMatrix_program.o
 .debug_macro   0x00002b3f       0x6a ./src/LEDMatrix_program.o
 .debug_macro   0x00002ba9       0x84 ./src/LEM_IR.o
 .debug_macro   0x00002c2d       0x3f ./src/NVIC_programe.o
 .debug_macro   0x00002c6c       0x34 ./src/NVIC_programe.o
 .debug_macro   0x00002ca0       0x10 ./src/NVIC_programe.o
 .debug_macro   0x00002cb0       0x47 ./src/RCC_program.o
 .debug_macro   0x00002cf7      0x3d5 ./src/RCC_program.o
 .debug_macro   0x000030cc       0xb2 ./src/RCC_program.o
 .debug_macro   0x0000317e       0x22 ./src/RCC_program.o
 .debug_macro   0x000031a0       0x3f ./src/SYSTIC_program.o
 .debug_macro   0x000031df       0x28 ./src/SYSTIC_program.o
 .debug_macro   0x00003207       0x10 ./src/SYSTIC_program.o
 .debug_macro   0x00003217       0x2d ./src/main.o
